Query ? 5 :
The number of safe cities is 29

Query ? 4 1 :
The answer is the city with the index 2 
- Information of the city 2 -
-> Number of current patients : 5
-> Has recovered : 0
-> Was dead : 0

Query ? 4 3 :
The answer is the city with the index 6 
- Information of the city 6 -
-> Number of current patients : 445
-> Has recovered : 0
-> Was dead : 0

Query ? 7 :
Currently, no deaths have been recorded

Query ? 6 :
Currently, no recovery cases have been recorded

Query ? 4 4 :
The answer is the city with the index 15 
- Information of the city 15 -
-> Number of current patients : 321
-> Has recovered : 0
-> Was dead : 0

Query ? 4 1 :
The answer is the city with the index 2 
- Information of the city 2 -
-> Number of current patients : 5
-> Has recovered : 0
-> Was dead : 0

Query ? 4 5 :
The answer is the city with the index 7 
- Information of the city 7 -
-> Number of current patients : 329
-> Has recovered : 0
-> Was dead : 0

Query ? 6 :
Currently, no recovery cases have been recorded

Query ? 7 :
The city with the highest death is city with the index 15
Quantity: 220 people

Query ? 4 1 :
The answer is the city with the index 20 
- Information of the city 20 -
-> Number of current patients : 47
-> Has recovered : 13
-> Was dead : 0

Query ? 4 6 :
The answer is the city with the index 6 
- Information of the city 6 -
-> Number of current patients : 445
-> Has recovered : 0
-> Was dead : 0

Query ? 4 4 :
The answer is the city with the index 7 
- Information of the city 7 -
-> Number of current patients : 303
-> Has recovered : 0
-> Was dead : 26

Query ? 4 1 :
The answer is the city with the index 20 
- Information of the city 20 -
-> Number of current patients : 47
-> Has recovered : 13
-> Was dead : 0

Query ? 6 :
The city with the highest recovery is city with the index 20
Quantity: 13 people

Query ? 4 4 :
The answer is the city with the index 7 
- Information of the city 7 -
-> Number of current patients : 303
-> Has recovered : 0
-> Was dead : 26

