Query ? 5 :
The number of safe cities is 10

Query ? 4 2 :
The answer is the city with the index 3 
- Information of the city 3 -
-> Number of current patients : 26
-> Has recovered : 0
-> Was dead : 0

Query ? 6 :
The city with the highest recovery is city with the index 1
Quantity: 4 people

