Query ? 6 :
Currently, no recovery cases have been recorded

Query ? 4 1 :
The answer is the city with the index 26 
- Information of the city 26 -
-> Number of current patients : 63
-> Has recovered : 0
-> Was dead : 0

Query ? 7 :
Currently, no deaths have been recorded

Query ? 4 2 :
The answer is the city with the index 24 
- Information of the city 24 -
-> Number of current patients : 153
-> Has recovered : 0
-> Was dead : 0

Query ? 4 5 :
The answer is the city with the index 46 
- Information of the city 46 -
-> Number of current patients : 282
-> Has recovered : 6
-> Was dead : 0

Query ? 4 2 :
The answer is the city with the index 24 
- Information of the city 24 -
-> Number of current patients : 153
-> Has recovered : 0
-> Was dead : 0

Query ? 4 3 :
The answer is the city with the index 16 
- Information of the city 16 -
-> Number of current patients : 242
-> Has recovered : 0
-> Was dead : 0

Query ? 4 6 :
The answer is the city with the index 46 
- Information of the city 46 -
-> Number of current patients : 282
-> Has recovered : 6
-> Was dead : 0

Query ? 4 8 :
The answer is the city with the index 12 
- Information of the city 12 -
-> Number of current patients : 332
-> Has recovered : 0
-> Was dead : 0

Query ? 4 2 :
The answer is the city with the index 24 
- Information of the city 24 -
-> Number of current patients : 153
-> Has recovered : 0
-> Was dead : 0

Query ? 4 9 :
The answer is the city with the index 34 
- Information of the city 34 -
-> Number of current patients : 459
-> Has recovered : 0
-> Was dead : 0

Query ? 4 6 :
The answer is the city with the index 16 
- Information of the city 16 -
-> Number of current patients : 242
-> Has recovered : 0
-> Was dead : 0

Query ? 7 :
Currently, no deaths have been recorded

Query ? 6 :
The city with the highest recovery is city with the index 46
Quantity: 6 people

Query ? 7 :
The city with the highest death is city with the index 12
Quantity: 330 people

Query ? 6 :
The city with the highest recovery is city with the index 46
Quantity: 6 people

Query ? 6 :
The city with the highest recovery is city with the index 46
Quantity: 6 people

Query ? 6 :
The city with the highest recovery is city with the index 46
Quantity: 6 people

Query ? 6 :
The city with the highest recovery is city with the index 46
Quantity: 6 people

Query ? 6 :
The city with the highest recovery is city with the index 46
Quantity: 6 people

Query ? 4 13 :
The answer is the city with the index 45 
- Information of the city 45 -
-> Number of current patients : 358
-> Has recovered : 0
-> Was dead : 0

Query ? 4 11 :
The answer is the city with the index 33 
- Information of the city 33 -
-> Number of current patients : 277
-> Has recovered : 0
-> Was dead : 0

Query ? 4 9 :
The answer is the city with the index 1 
- Information of the city 1 -
-> Number of current patients : 177
-> Has recovered : 0
-> Was dead : 0

Query ? 4 14 :
The answer is the city with the index 42 
- Information of the city 42 -
-> Number of current patients : 294
-> Has recovered : 0
-> Was dead : 0

Query ? 4 10 :
The answer is the city with the index 48 
- Information of the city 48 -
-> Number of current patients : 143
-> Has recovered : 0
-> Was dead : 0

Query ? 4 7 :
The answer is the city with the index 32 
- Information of the city 32 -
-> Number of current patients : 74
-> Has recovered : 0
-> Was dead : 49

Query ? 4 2 :
The answer is the city with the index 33 
- Information of the city 33 -
-> Number of current patients : 5
-> Has recovered : 272
-> Was dead : 0

Query ? 4 14 :
The answer is the city with the index 1 
- Information of the city 1 -
-> Number of current patients : 177
-> Has recovered : 0
-> Was dead : 0

Query ? 4 4 :
The answer is the city with the index 46 
- Information of the city 46 -
-> Number of current patients : 26
-> Has recovered : 262
-> Was dead : 0

Query ? 4 4 :
The answer is the city with the index 46 
- Information of the city 46 -
-> Number of current patients : 25
-> Has recovered : 262
-> Was dead : 1

Query ? 4 17 :
The answer is the city with the index 42 
- Information of the city 42 -
-> Number of current patients : 294
-> Has recovered : 0
-> Was dead : 0

Query ? 4 19 :
The answer is the city with the index 43 
- Information of the city 43 -
-> Number of current patients : 401
-> Has recovered : 0
-> Was dead : 0

Query ? 4 11 :
The answer is the city with the index 24 
- Information of the city 24 -
-> Number of current patients : 126
-> Has recovered : 6
-> Was dead : 21

Query ? 6 :
The city with the highest recovery is city with the index 34
Quantity: 282 people

Query ? 7 :
The city with the highest death is city with the index 12
Quantity: 330 people

Query ? 4 15 :
The answer is the city with the index 1 
- Information of the city 1 -
-> Number of current patients : 177
-> Has recovered : 0
-> Was dead : 0

Query ? 4 21 :
The answer is the city with the index 43 
- Information of the city 43 -
-> Number of current patients : 401
-> Has recovered : 0
-> Was dead : 0

Query ? 4 17 :
The answer is the city with the index 21 
- Information of the city 21 -
-> Number of current patients : 247
-> Has recovered : 0
-> Was dead : 0

Query ? 4 5 :
The answer is the city with the index 14 
- Information of the city 14 -
-> Number of current patients : 30
-> Has recovered : 33
-> Was dead : 56

Query ? 4 4 :
The answer is the city with the index 2 
- Information of the city 2 -
-> Number of current patients : 27
-> Has recovered : 0
-> Was dead : 0

Query ? 4 2 :
The answer is the city with the index 40 
- Information of the city 40 -
-> Number of current patients : 10
-> Has recovered : 0
-> Was dead : 25

Query ? 4 19 :
The answer is the city with the index 35 
- Information of the city 35 -
-> Number of current patients : 300
-> Has recovered : 0
-> Was dead : 0

Query ? 4 11 :
The answer is the city with the index 32 
- Information of the city 32 -
-> Number of current patients : 74
-> Has recovered : 0
-> Was dead : 49

Query ? 7 :
The city with the highest death is city with the index 12
Quantity: 330 people

Query ? 6 :
The city with the highest recovery is city with the index 34
Quantity: 282 people

Query ? 4 2 :
The answer is the city with the index 40 
- Information of the city 40 -
-> Number of current patients : 10
-> Has recovered : 0
-> Was dead : 25

Query ? 4 13 :
The answer is the city with the index 24 
- Information of the city 24 -
-> Number of current patients : 126
-> Has recovered : 6
-> Was dead : 21

Query ? 4 17 :
The answer is the city with the index 21 
- Information of the city 21 -
-> Number of current patients : 247
-> Has recovered : 0
-> Was dead : 0

Query ? 7 :
The city with the highest death is city with the index 12
Quantity: 330 people

Query ? 4 19 :
The answer is the city with the index 35 
- Information of the city 35 -
-> Number of current patients : 300
-> Has recovered : 0
-> Was dead : 0

Query ? 6 :
The city with the highest recovery is city with the index 34
Quantity: 282 people

Query ? 4 3 :
The answer is the city with the index 46 
- Information of the city 46 -
-> Number of current patients : 25
-> Has recovered : 262
-> Was dead : 1

