Query ? 7 :
Currently, no deaths have been recorded

Query ? 6 :
Currently, no recovery cases have been recorded

Query ? 7 :
The city with the highest death is city with the index 6
Quantity: 1 people

