Query ? 5 :
The number of safe cities is 50

Query ? 5 :
The number of safe cities is 50

Query ? 5 :
The number of safe cities is 50

Query ? 5 :
The number of safe cities is 50

Query ? 4 1 :
The answer is the city with the index 27 
- Information of the city 27 -
-> Number of current patients : 209
-> Has recovered : 0
-> Was dead : 0

Query ? 4 2 :
The answer is the city with the index 27 
- Information of the city 27 -
-> Number of current patients : 209
-> Has recovered : 0
-> Was dead : 0

Query ? 4 2 :
The answer is the city with the index 27 
- Information of the city 27 -
-> Number of current patients : 209
-> Has recovered : 0
-> Was dead : 0

Query ? 7 :
Currently, no deaths have been recorded

Query ? 4 4 :
The answer is the city with the index 21 
- Information of the city 21 -
-> Number of current patients : 331
-> Has recovered : 0
-> Was dead : 0

Query ? 4 2 :
The answer is the city with the index 5 
- Information of the city 5 -
-> Number of current patients : 140
-> Has recovered : 0
-> Was dead : 0

Query ? 4 1 :
The answer is the city with the index 17 
- Information of the city 17 -
-> Number of current patients : 79
-> Has recovered : 0
-> Was dead : 0

Query ? 4 4 :
The answer is the city with the index 5 
- Information of the city 5 -
-> Number of current patients : 140
-> Has recovered : 0
-> Was dead : 0

Query ? 4 9 :
The answer is the city with the index 21 
- Information of the city 21 -
-> Number of current patients : 331
-> Has recovered : 0
-> Was dead : 0

Query ? 4 10 :
The answer is the city with the index 45 
- Information of the city 45 -
-> Number of current patients : 408
-> Has recovered : 0
-> Was dead : 0

Query ? 7 :
Currently, no deaths have been recorded

Query ? 4 2 :
The answer is the city with the index 36 
- Information of the city 36 -
-> Number of current patients : 66
-> Has recovered : 0
-> Was dead : 0

Query ? 6 :
The city with the highest recovery is city with the index 35
Quantity: 318 people

Query ? 4 4 :
The answer is the city with the index 48 
- Information of the city 48 -
-> Number of current patients : 34
-> Has recovered : 0
-> Was dead : 0

Query ? 4 2 :
The answer is the city with the index 17 
- Information of the city 17 -
-> Number of current patients : 3
-> Has recovered : 0
-> Was dead : 76

Query ? 7 :
The city with the highest death is city with the index 22
Quantity: 394 people

Query ? 7 :
The city with the highest death is city with the index 22
Quantity: 394 people

Query ? 6 :
The city with the highest recovery is city with the index 35
Quantity: 318 people

Query ? 6 :
The city with the highest recovery is city with the index 35
Quantity: 318 people

Query ? 4 13 :
The answer is the city with the index 15 
- Information of the city 15 -
-> Number of current patients : 209
-> Has recovered : 0
-> Was dead : 0

Query ? 4 6 :
The answer is the city with the index 30 
- Information of the city 30 -
-> Number of current patients : 82
-> Has recovered : 188
-> Was dead : 0

Query ? 6 :
The city with the highest recovery is city with the index 35
Quantity: 318 people

Query ? 4 16 :
The answer is the city with the index 38 
- Information of the city 38 -
-> Number of current patients : 222
-> Has recovered : 0
-> Was dead : 0

Query ? 4 5 :
The answer is the city with the index 48 
- Information of the city 48 -
-> Number of current patients : 34
-> Has recovered : 0
-> Was dead : 0

Query ? 4 5 :
The answer is the city with the index 48 
- Information of the city 48 -
-> Number of current patients : 34
-> Has recovered : 0
-> Was dead : 0

Query ? 4 3 :
The answer is the city with the index 21 
- Information of the city 21 -
-> Number of current patients : 8
-> Has recovered : 0
-> Was dead : 323

Query ? 4 1 :
The answer is the city with the index 36 
- Information of the city 36 -
-> Number of current patients : 2
-> Has recovered : 64
-> Was dead : 0

Query ? 4 7 :
The answer is the city with the index 38 
- Information of the city 38 -
-> Number of current patients : 58
-> Has recovered : 0
-> Was dead : 164

Query ? 4 17 :
The answer is the city with the index 14 
- Information of the city 14 -
-> Number of current patients : 216
-> Has recovered : 0
-> Was dead : 0

Query ? 6 :
The city with the highest recovery is city with the index 8
Quantity: 361 people

Query ? 4 13 :
The answer is the city with the index 5 
- Information of the city 5 -
-> Number of current patients : 140
-> Has recovered : 0
-> Was dead : 0

Query ? 4 22 :
The answer is the city with the index 41 
- Information of the city 41 -
-> Number of current patients : 339
-> Has recovered : 0
-> Was dead : 0

Query ? 4 12 :
The answer is the city with the index 33 
- Information of the city 33 -
-> Number of current patients : 134
-> Has recovered : 0
-> Was dead : 162

Query ? 4 19 :
The answer is the city with the index 13 
- Information of the city 13 -
-> Number of current patients : 249
-> Has recovered : 0
-> Was dead : 0

Query ? 7 :
The city with the highest death is city with the index 45
Quantity: 410 people

Query ? 6 :
The city with the highest recovery is city with the index 8
Quantity: 361 people

Query ? 7 :
The city with the highest death is city with the index 45
Quantity: 410 people

Query ? 4 2 :
The answer is the city with the index 17 
- Information of the city 17 -
-> Number of current patients : 3
-> Has recovered : 0
-> Was dead : 76

Query ? 4 7 :
The answer is the city with the index 8 
- Information of the city 8 -
-> Number of current patients : 57
-> Has recovered : 361
-> Was dead : 0

Query ? 4 2 :
The answer is the city with the index 17 
- Information of the city 17 -
-> Number of current patients : 3
-> Has recovered : 0
-> Was dead : 76

Query ? 4 24 :
The answer is the city with the index 7 
- Information of the city 7 -
-> Number of current patients : 413
-> Has recovered : 0
-> Was dead : 0

Query ? 4 25 :
The answer is the city with the index 4 
- Information of the city 4 -
-> Number of current patients : 464
-> Has recovered : 0
-> Was dead : 0

Query ? 4 4 :
The answer is the city with the index 34 
- Information of the city 34 -
-> Number of current patients : 17
-> Has recovered : 0
-> Was dead : 2

Query ? 4 17 :
The answer is the city with the index 27 
- Information of the city 27 -
-> Number of current patients : 209
-> Has recovered : 0
-> Was dead : 0

Query ? 4 14 :
The answer is the city with the index 6 
- Information of the city 6 -
-> Number of current patients : 161
-> Has recovered : 0
-> Was dead : 0

Query ? 6 :
The city with the highest recovery is city with the index 8
Quantity: 361 people

