Query ? 5 :
The number of safe cities is 10

Query ? 4 1 :
The answer is the city with the index 5 
- Information of the city 5 -
-> Number of current patients : 8
-> Has recovered : 0
-> Was dead : 0

Query ? 4 1 :
The answer is the city with the index 5 
- Information of the city 5 -
-> Number of current patients : 8
-> Has recovered : 0
-> Was dead : 0

Query ? 4 1 :
The answer is the city with the index 5 
- Information of the city 5 -
-> Number of current patients : 8
-> Has recovered : 0
-> Was dead : 0

Query ? 6 :
Currently, no recovery cases have been recorded

Query ? 4 1 :
The answer is the city with the index 5 
- Information of the city 5 -
-> Number of current patients : 8
-> Has recovered : 0
-> Was dead : 0

Query ? 4 1 :
The answer is the city with the index 5 
- Information of the city 5 -
-> Number of current patients : 8
-> Has recovered : 0
-> Was dead : 0

Query ? 4 1 :
The answer is the city with the index 5 
- Information of the city 5 -
-> Number of current patients : 8
-> Has recovered : 0
-> Was dead : 0

Query ? 4 1 :
The answer is the city with the index 5 
- Information of the city 5 -
-> Number of current patients : 8
-> Has recovered : 0
-> Was dead : 0

Query ? 6 :
Currently, no recovery cases have been recorded

