Query ? 4 1 :
The answer is the city with the index 19 
- Information of the city 19 -
-> Number of current patients : 147
-> Has recovered : 0
-> Was dead : 0

Query ? 4 1 :
The answer is the city with the index 19 
- Information of the city 19 -
-> Number of current patients : 147
-> Has recovered : 0
-> Was dead : 0

Query ? 4 3 :
The answer is the city with the index 4 
- Information of the city 4 -
-> Number of current patients : 283
-> Has recovered : 0
-> Was dead : 0

Query ? 7 :
Currently, no deaths have been recorded

Query ? 4 2 :
The answer is the city with the index 15 
- Information of the city 15 -
-> Number of current patients : 97
-> Has recovered : 0
-> Was dead : 341

Query ? 4 4 :
The answer is the city with the index 50 
- Information of the city 50 -
-> Number of current patients : 146
-> Has recovered : 284
-> Was dead : 0

Query ? 4 3 :
The answer is the city with the index 48 
- Information of the city 48 -
-> Number of current patients : 101
-> Has recovered : 0
-> Was dead : 0

Query ? 4 5 :
The answer is the city with the index 50 
- Information of the city 50 -
-> Number of current patients : 146
-> Has recovered : 284
-> Was dead : 0

Query ? 7 :
The city with the highest death is city with the index 15
Quantity: 341 people

Query ? 7 :
The city with the highest death is city with the index 15
Quantity: 341 people

Query ? 4 8 :
The answer is the city with the index 19 
- Information of the city 19 -
-> Number of current patients : 147
-> Has recovered : 0
-> Was dead : 0

Query ? 4 9 :
The answer is the city with the index 31 
- Information of the city 31 -
-> Number of current patients : 208
-> Has recovered : 0
-> Was dead : 0

Query ? 7 :
The city with the highest death is city with the index 15
Quantity: 341 people

Query ? 4 2 :
The answer is the city with the index 36 
- Information of the city 36 -
-> Number of current patients : 14
-> Has recovered : 0
-> Was dead : 30

Query ? 7 :
The city with the highest death is city with the index 15
Quantity: 341 people

Query ? 4 10 :
The answer is the city with the index 34 
- Information of the city 34 -
-> Number of current patients : 211
-> Has recovered : 0
-> Was dead : 0

Query ? 4 9 :
The answer is the city with the index 31 
- Information of the city 31 -
-> Number of current patients : 208
-> Has recovered : 0
-> Was dead : 0

Query ? 4 13 :
The answer is the city with the index 4 
- Information of the city 4 -
-> Number of current patients : 283
-> Has recovered : 0
-> Was dead : 0

Query ? 4 15 :
The answer is the city with the index 13 
- Information of the city 13 -
-> Number of current patients : 485
-> Has recovered : 0
-> Was dead : 0

Query ? 4 5 :
The answer is the city with the index 11 
- Information of the city 11 -
-> Number of current patients : 23
-> Has recovered : 0
-> Was dead : 97

Query ? 4 2 :
The answer is the city with the index 15 
- Information of the city 15 -
-> Number of current patients : 10
-> Has recovered : 87
-> Was dead : 341

Query ? 6 :
The city with the highest recovery is city with the index 45
Quantity: 702 people

Query ? 7 :
The city with the highest death is city with the index 15
Quantity: 341 people

Query ? 4 17 :
The answer is the city with the index 13 
- Information of the city 13 -
-> Number of current patients : 485
-> Has recovered : 0
-> Was dead : 0

Query ? 4 15 :
The answer is the city with the index 18 
- Information of the city 18 -
-> Number of current patients : 416
-> Has recovered : 0
-> Was dead : 0

Query ? 4 6 :
The answer is the city with the index 24 
- Information of the city 24 -
-> Number of current patients : 113
-> Has recovered : 0
-> Was dead : 137

Query ? 7 :
The city with the highest death is city with the index 11
Quantity: 468 people

Query ? 4 17 :
The answer is the city with the index 20 
- Information of the city 20 -
-> Number of current patients : 460
-> Has recovered : 0
-> Was dead : 0

Query ? 7 :
The city with the highest death is city with the index 11
Quantity: 468 people

Query ? 4 15 :
The answer is the city with the index 38 
- Information of the city 38 -
-> Number of current patients : 359
-> Has recovered : 0
-> Was dead : 0

Query ? 7 :
The city with the highest death is city with the index 11
Quantity: 468 people

Query ? 7 :
The city with the highest death is city with the index 11
Quantity: 468 people

Query ? 6 :
The city with the highest recovery is city with the index 45
Quantity: 702 people

Query ? 7 :
The city with the highest death is city with the index 11
Quantity: 468 people

Query ? 7 :
The city with the highest death is city with the index 11
Quantity: 468 people

Query ? 7 :
The city with the highest death is city with the index 11
Quantity: 468 people

Query ? 4 8 :
The answer is the city with the index 50 
- Information of the city 50 -
-> Number of current patients : 146
-> Has recovered : 284
-> Was dead : 0

Query ? 6 :
The city with the highest recovery is city with the index 45
Quantity: 702 people

Query ? 4 1 :
The answer is the city with the index 15 
- Information of the city 15 -
-> Number of current patients : 1
-> Has recovered : 95
-> Was dead : 342

Query ? 4 12 :
The answer is the city with the index 31 
- Information of the city 31 -
-> Number of current patients : 180
-> Has recovered : 28
-> Was dead : 0

Query ? 7 :
The city with the highest death is city with the index 11
Quantity: 468 people

Query ? 7 :
The city with the highest death is city with the index 11
Quantity: 468 people

Query ? 4 12 :
The answer is the city with the index 23 
- Information of the city 23 -
-> Number of current patients : 158
-> Has recovered : 0
-> Was dead : 0

Query ? 6 :
The city with the highest recovery is city with the index 45
Quantity: 702 people

Query ? 4 16 :
The answer is the city with the index 32 
- Information of the city 32 -
-> Number of current patients : 265
-> Has recovered : 0
-> Was dead : 0

Query ? 4 24 :
The answer is the city with the index 13 
- Information of the city 13 -
-> Number of current patients : 485
-> Has recovered : 0
-> Was dead : 0

Query ? 6 :
The city with the highest recovery is city with the index 45
Quantity: 702 people

Query ? 4 14 :
The answer is the city with the index 34 
- Information of the city 34 -
-> Number of current patients : 211
-> Has recovered : 0
-> Was dead : 0

Query ? 4 3 :
The answer is the city with the index 17 
- Information of the city 17 -
-> Number of current patients : 2
-> Has recovered : 0
-> Was dead : 0

Query ? 4 16 :
The answer is the city with the index 32 
- Information of the city 32 -
-> Number of current patients : 265
-> Has recovered : 0
-> Was dead : 0

Query ? 7 :
The city with the highest death is city with the index 11
Quantity: 468 people

Query ? 4 9 :
The answer is the city with the index 50 
- Information of the city 50 -
-> Number of current patients : 146
-> Has recovered : 284
-> Was dead : 0

Query ? 4 22 :
The answer is the city with the index 20 
- Information of the city 20 -
-> Number of current patients : 460
-> Has recovered : 0
-> Was dead : 0

Query ? 6 :
The city with the highest recovery is city with the index 45
Quantity: 702 people

Query ? 4 21 :
The answer is the city with the index 8 
- Information of the city 8 -
-> Number of current patients : 421
-> Has recovered : 0
-> Was dead : 0

Query ? 6 :
The city with the highest recovery is city with the index 45
Quantity: 702 people

