Query ? 4 1 :
The answer is the city with the index 44 
- Information of the city 44 -
-> Number of current patients : 148
-> Has recovered : 0
-> Was dead : 0

Query ? 4 2 :
The answer is the city with the index 47 
- Information of the city 47 -
-> Number of current patients : 108
-> Has recovered : 0
-> Was dead : 0

Query ? 4 3 :
The answer is the city with the index 44 
- Information of the city 44 -
-> Number of current patients : 148
-> Has recovered : 0
-> Was dead : 0

Query ? 4 5 :
The answer is the city with the index 6 
- Information of the city 6 -
-> Number of current patients : 517
-> Has recovered : 0
-> Was dead : 0

Query ? 7 :
Currently, no deaths have been recorded

Query ? 4 1 :
The answer is the city with the index 47 
- Information of the city 47 -
-> Number of current patients : 108
-> Has recovered : 0
-> Was dead : 0

Query ? 4 4 :
The answer is the city with the index 31 
- Information of the city 31 -
-> Number of current patients : 239
-> Has recovered : 0
-> Was dead : 0

Query ? 4 2 :
The answer is the city with the index 47 
- Information of the city 47 -
-> Number of current patients : 108
-> Has recovered : 0
-> Was dead : 0

Query ? 7 :
The city with the highest death is city with the index 37
Quantity: 4 people

Query ? 4 6 :
The answer is the city with the index 30 
- Information of the city 30 -
-> Number of current patients : 399
-> Has recovered : 0
-> Was dead : 1

Query ? 4 9 :
The answer is the city with the index 30 
- Information of the city 30 -
-> Number of current patients : 399
-> Has recovered : 0
-> Was dead : 1

Query ? 4 5 :
The answer is the city with the index 31 
- Information of the city 31 -
-> Number of current patients : 111
-> Has recovered : 124
-> Was dead : 4

Query ? 4 7 :
The answer is the city with the index 6 
- Information of the city 6 -
-> Number of current patients : 192
-> Has recovered : 0
-> Was dead : 325

Query ? 4 6 :
The answer is the city with the index 23 
- Information of the city 23 -
-> Number of current patients : 146
-> Has recovered : 0
-> Was dead : 0

Query ? 4 7 :
The answer is the city with the index 40 
- Information of the city 40 -
-> Number of current patients : 155
-> Has recovered : 0
-> Was dead : 0

Query ? 4 14 :
The answer is the city with the index 30 
- Information of the city 30 -
-> Number of current patients : 591
-> Has recovered : 0
-> Was dead : 230

Query ? 4 14 :
The answer is the city with the index 30 
- Information of the city 30 -
-> Number of current patients : 591
-> Has recovered : 0
-> Was dead : 230

Query ? 4 12 :
The answer is the city with the index 43 
- Information of the city 43 -
-> Number of current patients : 478
-> Has recovered : 0
-> Was dead : 0

Query ? 4 13 :
The answer is the city with the index 2 
- Information of the city 2 -
-> Number of current patients : 498
-> Has recovered : 0
-> Was dead : 0

Query ? 4 8 :
The answer is the city with the index 40 
- Information of the city 40 -
-> Number of current patients : 155
-> Has recovered : 0
-> Was dead : 0

Query ? 7 :
The city with the highest death is city with the index 6
Quantity: 333 people

Query ? 4 2 :
The answer is the city with the index 44 
- Information of the city 44 -
-> Number of current patients : 48
-> Has recovered : 100
-> Was dead : 0

Query ? 6 :
The city with the highest recovery is city with the index 31
Quantity: 129 people

Query ? 6 :
The city with the highest recovery is city with the index 31
Quantity: 129 people

Query ? 4 5 :
The answer is the city with the index 23 
- Information of the city 23 -
-> Number of current patients : 98
-> Has recovered : 0
-> Was dead : 48

Query ? 4 17 :
The answer is the city with the index 2 
- Information of the city 2 -
-> Number of current patients : 498
-> Has recovered : 0
-> Was dead : 0

Query ? 6 :
The city with the highest recovery is city with the index 31
Quantity: 129 people

Query ? 6 :
The city with the highest recovery is city with the index 31
Quantity: 129 people

Query ? 4 16 :
The answer is the city with the index 21 
- Information of the city 21 -
-> Number of current patients : 464
-> Has recovered : 0
-> Was dead : 0

Query ? 4 4 :
The answer is the city with the index 31 
- Information of the city 31 -
-> Number of current patients : 87
-> Has recovered : 129
-> Was dead : 23

Query ? 7 :
The city with the highest death is city with the index 6
Quantity: 333 people

Query ? 4 10 :
The answer is the city with the index 50 
- Information of the city 50 -
-> Number of current patients : 278
-> Has recovered : 0
-> Was dead : 0

Query ? 6 :
The city with the highest recovery is city with the index 31
Quantity: 129 people

Query ? 7 :
The city with the highest death is city with the index 6
Quantity: 333 people

Query ? 4 13 :
The answer is the city with the index 35 
- Information of the city 35 -
-> Number of current patients : 368
-> Has recovered : 0
-> Was dead : 26

Query ? 4 7 :
The answer is the city with the index 40 
- Information of the city 40 -
-> Number of current patients : 155
-> Has recovered : 0
-> Was dead : 0

Query ? 4 18 :
The answer is the city with the index 30 
- Information of the city 30 -
-> Number of current patients : 591
-> Has recovered : 0
-> Was dead : 230

Query ? 4 1 :
The answer is the city with the index 47 
- Information of the city 47 -
-> Number of current patients : 40
-> Has recovered : 52
-> Was dead : 16

Query ? 7 :
The city with the highest death is city with the index 6
Quantity: 333 people

Query ? 4 4 :
The answer is the city with the index 31 
- Information of the city 31 -
-> Number of current patients : 87
-> Has recovered : 129
-> Was dead : 23

Query ? 6 :
The city with the highest recovery is city with the index 31
Quantity: 129 people

Query ? 4 19 :
The answer is the city with the index 14 
- Information of the city 14 -
-> Number of current patients : 689
-> Has recovered : 0
-> Was dead : 0

Query ? 4 15 :
The answer is the city with the index 18 
- Information of the city 18 -
-> Number of current patients : 464
-> Has recovered : 0
-> Was dead : 0

Query ? 4 15 :
The answer is the city with the index 18 
- Information of the city 18 -
-> Number of current patients : 464
-> Has recovered : 0
-> Was dead : 0

Query ? 4 17 :
The answer is the city with the index 2 
- Information of the city 2 -
-> Number of current patients : 498
-> Has recovered : 0
-> Was dead : 0

Query ? 4 6 :
The answer is the city with the index 28 
- Information of the city 28 -
-> Number of current patients : 140
-> Has recovered : 0
-> Was dead : 0

Query ? 4 1 :
The answer is the city with the index 47 
- Information of the city 47 -
-> Number of current patients : 40
-> Has recovered : 52
-> Was dead : 16

Query ? 4 5 :
The answer is the city with the index 23 
- Information of the city 23 -
-> Number of current patients : 98
-> Has recovered : 0
-> Was dead : 48

